// Jest Snapshot v1, https://goo.gl/fbAQLP

exports[`<HomePageTop2 /> should render and match the snapshot 1`] = `
	<React.Fragment>
      <Helmet>
        <title>Home Page</title>
        <meta name="Home Page" content="My page for Truong.Nat" />
      </Helmet>
      <Wrapper>
        <WrapParticles
          params={{
            particles: {
              number: {
                value: particlesVal,
              },
              size: {
                value: 1,
              },
            },
            interactivity: {
              events: {
                onhover: {
                  enable: true,
                  mode: 'repulse',
                },
              },
            },
          }}
        />
        <Container>
          <Title>Truong.Nat</Title>
          <SubTitle>WORKER | DEVELOPER | SHIPPER</SubTitle>
          <NavMobile />
          <NavDesktop />
        </Container>
      </Wrapper>
    </React.Fragment>
`